Testing Gemini...
Gemini Error: 404 {
  error: {
    code: 404,
    message: 'models/gemini-1.5-flash is not found for API version v1beta, or is not supported for generateContent. Call ListModels to see the list of available models and their supported methods.',
    status: 'NOT_FOUND'
  }
}

Testing Groq...
Groq Success: How can I assist you today?

Testing OpenRouter...
OpenRouter Error: 429 {
  error: {
    message: 'Provider returned error',
    code: 429,
    metadata: {
      raw: 'meta-llama/llama-3.2-3b-instruct:free is temporarily rate-limited upstream. Please retry shortly, or add your own key to accumulate your rate limits: https://openrouter.ai/settings/integrations',
      provider_name: 'Venice',
      is_byok: false
    }
  },
  user_id: 'user_3AhZjpgEpQwZHlEwR7F6KRj317e'
}
